stm32f7xx_it.c:89:6:NMI_Handler	4	static
stm32f7xx_it.c:102:6:HardFault_Handler	4	static
stm32f7xx_it.c:117:6:MemManage_Handler	4	static
stm32f7xx_it.c:132:6:BusFault_Handler	4	static
stm32f7xx_it.c:147:6:UsageFault_Handler	4	static
stm32f7xx_it.c:162:6:SVC_Handler	4	static
stm32f7xx_it.c:175:6:DebugMon_Handler	4	static
stm32f7xx_it.c:188:6:PendSV_Handler	4	static
stm32f7xx_it.c:201:6:SysTick_Handler	8	static
stm32f7xx_it.c:222:6:DMA1_Stream1_IRQHandler	8	static
stm32f7xx_it.c:236:6:DMA1_Stream3_IRQHandler	8	static
stm32f7xx_it.c:250:6:ADC_IRQHandler	8	static
stm32f7xx_it.c:264:6:CAN1_RX0_IRQHandler	8	static
stm32f7xx_it.c:289:6:TIM2_IRQHandler	8	static
stm32f7xx_it.c:310:6:USART3_IRQHandler	8	static
stm32f7xx_it.c:324:6:DMA2_Stream0_IRQHandler	8	static
