stm32f7xx_it.c:88:6:NMI_Handler	4	static
stm32f7xx_it.c:101:6:HardFault_Handler	4	static
stm32f7xx_it.c:116:6:MemManage_Handler	4	static
stm32f7xx_it.c:131:6:BusFault_Handler	4	static
stm32f7xx_it.c:146:6:UsageFault_Handler	4	static
stm32f7xx_it.c:161:6:SVC_Handler	4	static
stm32f7xx_it.c:174:6:DebugMon_Handler	4	static
stm32f7xx_it.c:187:6:PendSV_Handler	4	static
stm32f7xx_it.c:200:6:SysTick_Handler	8	static
stm32f7xx_it.c:221:6:DMA1_Stream1_IRQHandler	8	static
stm32f7xx_it.c:235:6:DMA1_Stream3_IRQHandler	8	static
stm32f7xx_it.c:249:6:ADC_IRQHandler	8	static
stm32f7xx_it.c:263:6:CAN1_RX0_IRQHandler	8	static
stm32f7xx_it.c:279:6:TIM2_IRQHandler	8	static
stm32f7xx_it.c:302:6:DMA2_Stream0_IRQHandler	8	static
stm32f7xx_it.c:315:8:promedio	32	static
